node.exe : [1A[2K
[2m[WebServer] [22m
[33m[1mΓÜá[22m[3
9m The "middleware" 
file convention is 
deprecated. Please 
use "proxy" 
instead. Learn 
more: https://nextjs
.org/docs/messages/m
iddleware-to-proxy
At C:\Users\vipin\Ap
pData\Roaming\npm\np
x.ps1:24 char:5
+     & "node$exe"  
"$basedir/node_modul
es/npm/bin/npx-cli.j
s" $args
+     ~~~~~~~~~~~~~~
~~~~~~~~~~~~~~~~~~~~
~~~~~~~~~~~~~~~~~~~~
~~~~~~~~
    + CategoryInfo  
            : NotS  
  pecified: ([1A   
 [2K[2m[We...l    
eware-to-proxy:    
String) [], Rem    
oteException
    + FullyQualifie 
   dErrorId : Nati  
  veCommandError
 


Running 5 tests using 5 workers

[1A[2K[1/5] [chromium] ΓÇ║ tests\deals.spec.ts:3:5 ΓÇ║ add new deal flow
[1A[2K[2/5] [chromium] ΓÇ║ tests\partners.spec.ts:3:5 ΓÇ║ add new partner flow
[1A[2K[3/5] [chromium] ΓÇ║ tests\quotes.spec.ts:4:5 ΓÇ║ Quote Submission and Admin Verification
[1A[2K[4/5] [chromium] ΓÇ║ tests\quotes.spec.ts:74:5 ΓÇ║ Contact Form Submission and Admin Verification
[1A[2K[5/5] [chromium] ΓÇ║ tests\commodities.spec.ts:3:5 ΓÇ║ add new commodity flow
[1A[2K[chromium] ΓÇ║ tests\quotes.spec.ts:4:5 ΓÇ║ Quote Submission and Admin Verification
BROWSER: %cDownload the React DevTools for a better development experience: https://react.dev/link/react-devtools font-weight:bold

[1A[2K[chromium] ΓÇ║ tests\deals.spec.ts:3:5 ΓÇ║ add new deal flow
BROWSER info: %cDownload the React DevTools for a better development experience: https://react.dev/link/react-devtools font-weight:bold

[1A[2K[chromium] ΓÇ║ tests\quotes.spec.ts:74:5 ΓÇ║ Contact Form Submission and Admin Verification
BROWSER: %cDownload the React DevTools for a better development experience: https://react.dev/link/react-devtools font-weight:bold

[1A[2K[chromium] ΓÇ║ tests\quotes.spec.ts:4:5 ΓÇ║ Quote Submission and Admin Verification
BROWSER: [HMR] connected

[1A[2K[chromium] ΓÇ║ tests\deals.spec.ts:3:5 ΓÇ║ add new deal flow
BROWSER log: [HMR] connected

[1A[2K[chromium] ΓÇ║ tests\partners.spec.ts:3:5 ΓÇ║ add new partner flow
Navigated to /admin/partners

[1A[2K[chromium] ΓÇ║ tests\commodities.spec.ts:3:5 ΓÇ║ add new commodity flow
Navigated to /admin/commodities

[1A[2K[chromium] ΓÇ║ tests\quotes.spec.ts:74:5 ΓÇ║ Contact Form Submission and Admin Verification
BROWSER: [HMR] connected

[1A[2K[chromium] ΓÇ║ tests\deals.spec.ts:3:5 ΓÇ║ add new deal flow
Navigated to /admin/deals/create

[1A[2K[chromium] ΓÇ║ tests\commodities.spec.ts:3:5 ΓÇ║ add new commodity flow
Redirected to Login. Performing login...

[1A[2K[chromium] ΓÇ║ tests\partners.spec.ts:3:5 ΓÇ║ add new partner flow
Redirected to Login. Performing login...

[1A[2K[chromium] ΓÇ║ tests\deals.spec.ts:3:5 ΓÇ║ add new deal flow
Redirected to Login. Performing login...

[1A[2K[chromium] ΓÇ║ tests\partners.spec.ts:3:5 ΓÇ║ add new partner flow
Clicked Sign In

[1A[2K[chromium] ΓÇ║ tests\commodities.spec.ts:3:5 ΓÇ║ add new commodity flow
Clicked Sign In

[1A[2K[chromium] ΓÇ║ tests\deals.spec.ts:3:5 ΓÇ║ add new deal flow
Clicked Sign In

[1A[2K[chromium] ΓÇ║ tests\quotes.spec.ts:74:5 ΓÇ║ Contact Form Submission and Admin Verification
BROWSER: %cDownload the React DevTools for a better development experience: https://react.dev/link/react-devtools font-weight:bold

[1A[2KBROWSER: [HMR] connected

[1A[2KBROWSER: %cDownload the React DevTools for a better development experience: https://react.dev/link/react-devtools font-weight:bold

[1A[2KBROWSER: [HMR] connected

[1A[2K[chromium] ΓÇ║ tests\deals.spec.ts:3:5 ΓÇ║ add new deal flow
Navigated to Dashboard after login

[1A[2K[chromium] ΓÇ║ tests\commodities.spec.ts:3:5 ΓÇ║ add new commodity flow
Navigated to Dashboard after login

[1A[2K[chromium] ΓÇ║ tests\partners.spec.ts:3:5 ΓÇ║ add new partner flow
Navigated to Dashboard after login

[1A[2K[chromium] ΓÇ║ tests\deals.spec.ts:3:5 ΓÇ║ add new deal flow
BROWSER warning: Detected `scroll-behavior: smooth` on the `<html>` element. To disable smooth scrolling during route transitions, add `data-scroll-behavior="smooth"` to your <html> element. Learn more: https://nextjs.org/docs/messages/missing-data-scroll-behavior

[1A[2KBROWSER log: [Fast Refresh] rebuilding

[1A[2K[chromium] ΓÇ║ tests\quotes.spec.ts:4:5 ΓÇ║ Quote Submission and Admin Verification
BROWSER: [Fast Refresh] rebuilding

[1A[2K[chromium] ΓÇ║ tests\quotes.spec.ts:74:5 ΓÇ║ Contact Form Submission and Admin Verification
BROWSER: [Fast Refresh] rebuilding

[1A[2K[chromium] ΓÇ║ tests\deals.spec.ts:3:5 ΓÇ║ add new deal flow
BROWSER error: Failed to load resource: the server responded with a status of 400 ()

[1A[2KBROWSER error: Failed to load action items: {code: 42702, details: It could refer to either a PL/pgSQL variable or a table column., hint: null, message: column reference "priority" is ambiguous}

[1A[2KBROWSER error: Failed to load resource: the server responded with a status of 400 ()

[1A[2KBROWSER error: Failed to load action items: {code: 42702, details: It could refer to either a PL/pgSQL variable or a table column., hint: null, message: column reference "priority" is ambiguous}

[1A[2KBROWSER log: [Fast Refresh] done in 733ms

[1A[2K[chromium] ΓÇ║ tests\quotes.spec.ts:74:5 ΓÇ║ Contact Form Submission and Admin Verification
BROWSER: [Fast Refresh] done in 732ms

[1A[2K[chromium] ΓÇ║ tests\quotes.spec.ts:4:5 ΓÇ║ Quote Submission and Admin Verification
BROWSER: [Fast Refresh] done in 746ms

[1A[2K[chromium] ΓÇ║ tests\deals.spec.ts:3:5 ΓÇ║ add new deal flow
BROWSER error: Failed to load shipments: TypeError: Failed to fetch
    at fetchServerAction (http://localhost:3000/_next/static/chunks/node_modules_next_dist_client_17643121._.js:8817:23)


[1A[2K[2m[WebServ
er] [22mError: 
aborted
[2m[WebServer] 
[22m    at 
[3mignore-listed 
frames[23m {
[2m[WebServer] 
[22m  code: [32m'E
CONNRESET'[39m
[2m[WebServer] 
[22m}
[1A[2K[2m[WebServ
er] [22m[31m[1mΓ¿
»[22m[39m 
uncaughtException: 
Error: aborted
[2m[WebServer] 
[22m    at 
[3mignore-listed 
frames[23m {
[2m[WebServer] 
[22m  code: [32m'E
CONNRESET'[39m
[2m[WebServer] 
[22m}

[1A[2K[2m[WebServ
er] [22m[31m[1mΓ¿
»[22m[39m 
uncaughtException:  
Error: aborted

[2m[WebServer] 
[22m    at 
[3mignore-listed 
frames[23m {
[2m[WebServer] 
[22m  code: [32m'E
CONNRESET'[39m
[2m[WebServer] 
[22m}

[1A[2K[2m[WebServ
er] [22mError: 
aborted
[2m[WebServer] 
[22m    at 
[3mignore-listed 
frames[23m {
[2m[WebServer] 
[22m  code: [32m'E
CONNRESET'[39m
[2m[WebServer] 
[22m}
[1A[2K[2m[WebServ
er] [22m[31m[1mΓ¿
»[22m[39m 
uncaughtException: 
Error: aborted
[2m[WebServer] 
[22m    at 
[3mignore-listed 
frames[23m {
[2m[WebServer] 
[22m  code: [32m'E
CONNRESET'[39m
[2m[WebServer] 
[22m}

[1A[2K[2m[WebServ
er] [22m[31m[1mΓ¿
»[22m[39m 
uncaughtException:  
Error: aborted
[2m[WebServer] 
[22m    at 
[3mignore-listed 
frames[23m {
[2m[WebServer] 
[22m  code: [32m'E
CONNRESET'[39m
[2m[WebServer] 
[22m}

[1A[2K[2m[WebServ
er] [22mError: 
aborted
[2m[WebServer] 
[22m    at 
[3mignore-listed 
frames[23m {
[2m[WebServer] 
[22m  code: [32m'E
CONNRESET'[39m
[2m[WebServer] 
[22m}


[1A[2K[2m[WebServ
er] [22m[31m[1mΓ¿
»[22m[39m 
uncaughtException: 
Error: aborted
[2m[WebServer] 
[22m    at 
[3mignore-listed 
frames[23m {
[2m[WebServer] 
[22m  code: [32m'E
CONNRESET'[39m
[2m[WebServer] 
[22m}
[1A[2K[2m[WebServ
er] [22m[31m[1mΓ¿
»[22m[39m 
uncaughtException:  
Error: aborted
[2m[WebServer] 
[22m    at 
[3mignore-listed 
frames[23m {
[2m[WebServer] 
[22m  code: [32m'E
CONNRESET'[39m
[2m[WebServer] 
[22m}

[1A[2K[chromium] ΓÇ║ tests\quotes.spec.ts:74:5 ΓÇ║ Contact Form Submission and Admin Verification
BROWSER: [Fast Refresh] rebuilding

[1A[2KBROWSER: [Fast Refresh] done in 118ms


[1A[2K[2m[WebServ
er] [22m[31m[1mΓ¿
»[22m[39m Error: 
aborted
[2m[WebServer] 
[22m    at 
[3mignore-listed 
frames[23m
[1A[2K[2m[WebServ
er] [22m[31m[1mΓ¿
»[22m[39m Error: 
aborted
[2m[WebServer] 
[22m    at 
[3mignore-listed 
frames[23m


[1A[2K[2m[WebServ
er] [22m[31m[1mΓ¿
»[22m[39m Error: 
aborted
[2m[WebServer] 
[22m    at 
[3mignore-listed 
frames[23m
[1A[2KBROWSER: [Fast Refresh] rebuilding

[1A[2K[chromium] ΓÇ║ tests\quotes.spec.ts:4:5 ΓÇ║ Quote Submission and Admin Verification
BROWSER: [Fast Refresh] rebuilding

[1A[2KBROWSER: [Fast Refresh] done in 326ms

[1A[2K[chromium] ΓÇ║ tests\quotes.spec.ts:74:5 ΓÇ║ Contact Form Submission and Admin Verification
BROWSER: [Fast Refresh] done in 377ms

[1A[2K[chromium] ΓÇ║ tests\deals.spec.ts:3:5 ΓÇ║ add new deal flow
BROWSER info: %cDownload the React DevTools for a better development experience: https://react.dev/link/react-devtools font-weight:bold

[1A[2KBROWSER log: [HMR] connected

[1A[2KNavigated to /admin/deals/create explicitly

[1A[2K[chromium] ΓÇ║ tests\partners.spec.ts:3:5 ΓÇ║ add new partner flow
Navigated to /admin/partners explicitely

[1A[2K[chromium] ΓÇ║ tests\commodities.spec.ts:3:5 ΓÇ║ add new commodity flow
Navigated to /admin/commodities explicitly

[1A[2K[chromium] ΓÇ║ tests\deals.spec.ts:3:5 ΓÇ║ add new deal flow
Deal Wizard loaded

[1A[2K=== Step 1: Sourcing & Compliance ===

[1A[2K[chromium] ΓÇ║ tests\commodities.spec.ts:3:5 ΓÇ║ add new commodity flow
Clicked Add Commodity button

[1A[2K[chromium] ΓÇ║ tests\deals.spec.ts:3:5 ΓÇ║ add new deal flow
Selecting supplier...

[1A[2K[chromium] ΓÇ║ tests\commodities.spec.ts:3:5 ΓÇ║ add new commodity flow
Form filled

[1A[2K[chromium] ΓÇ║ tests\partners.spec.ts:3:5 ΓÇ║ add new partner flow
Clicked Add Partner button

[1A[2K[chromium] ΓÇ║ tests\commodities.spec.ts:3:5 ΓÇ║ add new commodity flow
Submit button clicked

[1A[2K[chromium] ΓÇ║ tests\deals.spec.ts:3:5 ΓÇ║ add new deal flow
Selected supplier

[1A[2K[chromium] ΓÇ║ tests\partners.spec.ts:3:5 ΓÇ║ add new partner flow
Form filled

[1A[2KSubmit button clicked

[1A[2K[chromium] ΓÇ║ tests\deals.spec.ts:3:5 ΓÇ║ add new deal flow
Selecting origin country...

[1A[2KSelected USA as origin

[1A[2KSelecting commodity...

[1A[2K[chromium] ΓÇ║ tests\quotes.spec.ts:74:5 ΓÇ║ Contact Form Submission and Admin Verification
BROWSER: [Fast Refresh] rebuilding

[1A[2K[chromium] ΓÇ║ tests\quotes.spec.ts:4:5 ΓÇ║ Quote Submission and Admin Verification
BROWSER: [Fast Refresh] rebuilding

[1A[2K[chromium] ΓÇ║ tests\deals.spec.ts:3:5 ΓÇ║ add new deal flow
Selected commodity

[1A[2K[chromium] ΓÇ║ tests\quotes.spec.ts:74:5 ΓÇ║ Contact Form Submission and Admin Verification
BROWSER: [Fast Refresh] done in 191ms

[1A[2K[chromium] ΓÇ║ tests\quotes.spec.ts:4:5 ΓÇ║ Quote Submission and Admin Verification
BROWSER: [Fast Refresh] done in 191ms

[1A[2K[chromium] ΓÇ║ tests\quotes.spec.ts:74:5 ΓÇ║ Contact Form Submission and Admin Verification
BROWSER: [Fast Refresh] rebuilding

[1A[2K[chromium] ΓÇ║ tests\quotes.spec.ts:4:5 ΓÇ║ Quote Submission and Admin Verification
BROWSER: [Fast Refresh] rebuilding

[1A[2K[chromium] ΓÇ║ tests\deals.spec.ts:3:5 ΓÇ║ add new deal flow
BROWSER log: [Fast Refresh] rebuilding

[1A[2K[chromium] ΓÇ║ tests\quotes.spec.ts:74:5 ΓÇ║ Contact Form Submission and Admin Verification
BROWSER: [Fast Refresh] done in 142ms

[1A[2K[chromium] ΓÇ║ tests\quotes.spec.ts:4:5 ΓÇ║ Quote Submission and Admin Verification
BROWSER: [Fast Refresh] done in 142ms

[1A[2K[chromium] ΓÇ║ tests\deals.spec.ts:3:5 ΓÇ║ add new deal flow
BROWSER log: [Fast Refresh] done in 141ms

[1A[2KBROWSER log: === handleNext Debug ===

[1A[2KBROWSER log: Current Step: 0 - Sourcing

[1A[2KBROWSER log: Fields to validate: [partnerId, commodityId, originCountry, isriCode, packagingType, guaranteedRecovery, moistureTolerance, dustTolerance, radioactivityLimit, quantityTolerance, qualitySpecs, validityDate, psicFile]

[1A[2KBROWSER log: Current form values: {partnerId: ba252882-cf04-4939-9608-7230b69567ea, commodityId: 698f1ab7-9837-49f5-8dc2-5d919def0727, originCountry: USA, isriCode: , packagingType: undefined}

[1A[2KBROWSER log: Base validation result: true

[1A[2KBROWSER log: Full validation success: true

[1A[2KBROWSER log: Γ£à Validation passed, advancing to next step

[1A[2KClicked Next Step (to Pricing)

[1A[2KStep 2 loaded successfully!

[1A[2K=== Step 2: Pricing & Payment ===

[1A[2KFilled buy price

[1A[2KFilled weight

[1A[2KFilled ocean freight (required for FOB)

[1A[2KFilled payment split: 30% advance, 70% balance

[1A[2K[chromium] ΓÇ║ tests\quotes.spec.ts:4:5 ΓÇ║ Quote Submission and Admin Verification
BROWSER: [Fast Refresh] rebuilding

[1A[2K[chromium] ΓÇ║ tests\quotes.spec.ts:74:5 ΓÇ║ Contact Form Submission and Admin Verification
BROWSER: [Fast Refresh] rebuilding

[1A[2K[chromium] ΓÇ║ tests\deals.spec.ts:3:5 ΓÇ║ add new deal flow
BROWSER log: [Fast Refresh] rebuilding

[1A[2KBROWSER log: === handleNext Debug ===

[1A[2KBROWSER log: Current Step: 1 - Pricing & Payment

[1A[2KBROWSER log: Fields to validate: [incoterm, buyPrice, currency, weightMT, oceanFreight, insurance, paymentMethod, paymentTerms, advancePercent, balancePercent, lcNumber, lcExpiryDate, issuingBank]

[1A[2KBROWSER log: Current form values: {partnerId: ba252882-cf04-4939-9608-7230b69567ea, commodityId: 698f1ab7-9837-49f5-8dc2-5d919def0727, originCountry: USA, isriCode: , packagingType: undefined}

[1A[2KBROWSER log: Base validation result: true

[1A[2KBROWSER log: Full validation success: true

[1A[2KBROWSER log: Γ£à Validation passed, advancing to next step

[1A[2K[chromium] ΓÇ║ tests\quotes.spec.ts:4:5 ΓÇ║ Quote Submission and Admin Verification
BROWSER: [Fast Refresh] done in 156ms

[1A[2K[chromium] ΓÇ║ tests\quotes.spec.ts:74:5 ΓÇ║ Contact Form Submission and Admin Verification
BROWSER: [Fast Refresh] done in 156ms

[1A[2K[chromium] ΓÇ║ tests\deals.spec.ts:3:5 ΓÇ║ add new deal flow
BROWSER log: [Fast Refresh] done in 177ms

[1A[2KClicked Next Step (to Logistics)

[1A[2KStep 3 loaded successfully!

[1A[2K=== Step 3: Logistics & Shipment ===

[1A[2KFilled port of loading

[1A[2KFilled port of discharge

[1A[2KBROWSER log: === handleNext Debug ===

[1A[2KBROWSER log: Current Step: 2 - Logistics

[1A[2KBROWSER log: Fields to validate: [portOfLoading, portOfDischarge, shipmentPeriodStart, shipmentPeriodEnd, partialShipment, transshipment, freeDays, shippingLine, freightForwarder, claimsDays, weightFranchise]

[1A[2KBROWSER log: Current form values: {partnerId: ba252882-cf04-4939-9608-7230b69567ea, commodityId: 698f1ab7-9837-49f5-8dc2-5d919def0727, originCountry: USA, isriCode: , packagingType: undefined}

[1A[2KBROWSER log: Base validation result: true

[1A[2KBROWSER log: Full validation success: true

[1A[2KBROWSER log: Γ£à Validation passed, advancing to next step

[1A[2KClicked Next Step (to Review)

[1A[2KStep 4 (Review) loaded successfully!

[1A[2K=== Step 4: Review & Submit ===

[1A[2KClicked Submit Deal

[1A[2KBROWSER error: Failed to load resource: the server responded with a status of 400 ()

[1A[2KBROWSER error: Failed to fetch created deal for payments: {code: 42703, details: null, hint: null, message: column deals.total_landed_cost_inr does not exist}

[1A[2K[chromium] ΓÇ║ tests\quotes.spec.ts:74:5 ΓÇ║ Contact Form Submission and Admin Verification
BROWSER: [Fast Refresh] rebuilding

[1A[2K[chromium] ΓÇ║ tests\deals.spec.ts:3:5 ΓÇ║ add new deal flow
BROWSER log: [Fast Refresh] rebuilding

[1A[2K[chromium] ΓÇ║ tests\quotes.spec.ts:4:5 ΓÇ║ Quote Submission and Admin Verification
BROWSER: [Fast Refresh] rebuilding

[1A[2KBROWSER: [Fast Refresh] done in 108ms

[1A[2K[chromium] ΓÇ║ tests\deals.spec.ts:3:5 ΓÇ║ add new deal flow
BROWSER log: [Fast Refresh] done in 111ms

[1A[2K[chromium] ΓÇ║ tests\quotes.spec.ts:74:5 ΓÇ║ Contact Form Submission and Admin Verification
BROWSER: [Fast Refresh] done in 110ms

[1A[2K[chromium] ΓÇ║ tests\deals.spec.ts:3:5 ΓÇ║ add new deal flow
BROWSER warning: Detected `scroll-behavior: smooth` on the `<html>` element. To disable smooth scrolling during route transitions, add `data-scroll-behavior="smooth"` to your <html> element. Learn more: https://nextjs.org/docs/messages/missing-data-scroll-behavior

[1A[2K[chromium] ΓÇ║ tests\quotes.spec.ts:4:5 ΓÇ║ Quote Submission and Admin Verification
BROWSER: [Fast Refresh] rebuilding

[1A[2K[chromium] ΓÇ║ tests\quotes.spec.ts:74:5 ΓÇ║ Contact Form Submission and Admin Verification
BROWSER: [Fast Refresh] rebuilding

[1A[2K[chromium] ΓÇ║ tests\deals.spec.ts:3:5 ΓÇ║ add new deal flow
BROWSER log: [Fast Refresh] rebuilding

[1A[2K[chromium] ΓÇ║ tests\quotes.spec.ts:4:5 ΓÇ║ Quote Submission and Admin Verification
BROWSER: [Fast Refresh] done in 118ms

[1A[2K[chromium] ΓÇ║ tests\deals.spec.ts:3:5 ΓÇ║ add new deal flow
BROWSER log: [Fast Refresh] done in 118ms

[1A[2K[chromium] ΓÇ║ tests\quotes.spec.ts:74:5 ΓÇ║ Contact Form Submission and Admin Verification
BROWSER: [Fast Refresh] done in 118ms

[1A[2K[chromium] ΓÇ║ tests\deals.spec.ts:3:5 ΓÇ║ add new deal flow
BROWSER log: [Fast Refresh] rebuilding

[1A[2K[chromium] ΓÇ║ tests\quotes.spec.ts:74:5 ΓÇ║ Contact Form Submission and Admin Verification
BROWSER: [Fast Refresh] rebuilding

[1A[2K[chromium] ΓÇ║ tests\quotes.spec.ts:4:5 ΓÇ║ Quote Submission and Admin Verification
BROWSER: [Fast Refresh] rebuilding

[1A[2KBROWSER: [Fast Refresh] done in 122ms

[1A[2K[chromium] ΓÇ║ tests\deals.spec.ts:3:5 ΓÇ║ add new deal flow
BROWSER log: [Fast Refresh] done in 123ms

[1A[2K[chromium] ΓÇ║ tests\quotes.spec.ts:74:5 ΓÇ║ Contact Form Submission and Admin Verification
BROWSER: [Fast Refresh] done in 123ms

[1A[2K[chromium] ΓÇ║ tests\deals.spec.ts:3:5 ΓÇ║ add new deal flow
BROWSER log: [Fast Refresh] rebuilding

[1A[2K[chromium] ΓÇ║ tests\quotes.spec.ts:4:5 ΓÇ║ Quote Submission and Admin Verification
BROWSER: [Fast Refresh] rebuilding

[1A[2KBROWSER: [Fast Refresh] done in 137ms

[1A[2K[chromium] ΓÇ║ tests\deals.spec.ts:3:5 ΓÇ║ add new deal flow
BROWSER log: [Fast Refresh] done in 137ms

[1A[2K[chromium] ΓÇ║ tests\quotes.spec.ts:74:5 ΓÇ║ Contact Form Submission and Admin Verification
BROWSER: [Fast Refresh] rebuilding

[1A[2KBROWSER: [Fast Refresh] done in 137ms

[1A[2K[chromium] ΓÇ║ tests\deals.spec.ts:3:5 ΓÇ║ add new deal flow
Current URL after submission: http://localhost:3000/admin/deals

[1A[2KSUCCESS: Redirected to deals list page

[1A[2KTEST COMPLETED

[1A[2K[chromium] ΓÇ║ tests\quotes.spec.ts:4:5 ΓÇ║ Quote Submission and Admin Verification
BROWSER: [Fast Refresh] rebuilding

[1A[2KBROWSER: [Fast Refresh] done in 138ms

[1A[2KBROWSER: [Fast Refresh] rebuilding

[1A[2KBROWSER: [Fast Refresh] done in 114ms

[1A[2K  1) [chromium] ΓÇ║ tests\quotes.spec.ts:74:5 ΓÇ║ Contact Form Submission and Admin Verification ΓöÇΓöÇΓöÇΓöÇΓöÇΓöÇΓöÇ

    Error: [2mexpect([22m[31mlocator[39m[2m).[22mtoBeVisible[2m([22m[2m)[22m failed

    Locator: getByText('test.contact.1770591039736@example.com')
    Expected: visible
    Timeout: 10000ms
    Error: element(s) not found

    Call log:
    [2m  - Expect "toBeVisible" with timeout 10000ms[22m
    [2m  - waiting for getByText('test.contact.1770591039736@example.com')[22m


      104 |     await page.goto('/admin/inquiries')
      105 |
    > 106 |     await expect(page.getByText(uniqueContactEmail)).toBeVisible({ timeout: 10000 })
          |                                                      ^
      107 |
      108 |     // Update status
      109 |     const row = page.locator('tr', { hasText: uniqueContactEmail })
        at D:\GVGGlobalGroup\gvg-portal\tests\quotes.spec.ts:106:54

    attachment #1: screenshot (image/png) ΓöÇΓöÇΓöÇΓöÇΓöÇΓöÇΓöÇΓöÇΓöÇΓöÇΓöÇΓöÇΓöÇΓöÇΓöÇΓöÇΓöÇΓöÇΓöÇΓöÇΓöÇΓöÇΓöÇΓöÇΓöÇΓöÇΓöÇΓöÇΓöÇΓöÇΓöÇΓöÇΓöÇΓöÇΓöÇΓöÇΓöÇΓöÇΓöÇΓöÇΓöÇΓöÇΓöÇΓöÇΓöÇΓöÇΓöÇΓöÇΓöÇΓöÇΓöÇΓöÇΓöÇΓöÇΓöÇΓöÇΓöÇΓöÇ
    test-results\quotes-Contact-Form-Submission-and-Admin-Verification-chromium\test-failed-1.png
    ΓöÇΓöÇΓöÇΓöÇΓöÇΓöÇΓöÇΓöÇΓöÇΓöÇΓöÇΓöÇΓöÇΓöÇΓöÇΓöÇΓöÇΓöÇΓöÇΓöÇΓöÇΓöÇΓöÇΓöÇΓöÇΓöÇΓöÇΓöÇΓöÇΓöÇΓöÇΓöÇΓöÇΓöÇΓöÇΓöÇΓöÇΓöÇΓöÇΓöÇΓöÇΓöÇΓöÇΓöÇΓöÇΓöÇΓöÇΓöÇΓöÇΓöÇΓöÇΓöÇΓöÇΓöÇΓöÇΓöÇΓöÇΓöÇΓöÇΓöÇΓöÇΓöÇΓöÇΓöÇΓöÇΓöÇΓöÇΓöÇΓöÇΓöÇΓöÇΓöÇΓöÇΓöÇΓöÇΓöÇΓöÇΓöÇΓöÇΓöÇΓöÇΓöÇΓöÇΓöÇΓöÇΓöÇΓöÇΓöÇΓöÇΓöÇΓöÇΓöÇΓöÇΓöÇΓöÇΓöÇ

    attachment #2: video (video/webm) ΓöÇΓöÇΓöÇΓöÇΓöÇΓöÇΓöÇΓöÇΓöÇΓöÇΓöÇΓöÇΓöÇΓöÇΓöÇΓöÇΓöÇΓöÇΓöÇΓöÇΓöÇΓöÇΓöÇΓöÇΓöÇΓöÇΓöÇΓöÇΓöÇΓöÇΓöÇΓöÇΓöÇΓöÇΓöÇΓöÇΓöÇΓöÇΓöÇΓöÇΓöÇΓöÇΓöÇΓöÇΓöÇΓöÇΓöÇΓöÇΓöÇΓöÇΓöÇΓöÇΓöÇΓöÇΓöÇΓöÇΓöÇΓöÇΓöÇΓöÇΓöÇΓöÇ
    test-results\quotes-Contact-Form-Submission-and-Admin-Verification-chromium\video.webm
    ΓöÇΓöÇΓöÇΓöÇΓöÇΓöÇΓöÇΓöÇΓöÇΓöÇΓöÇΓöÇΓöÇΓöÇΓöÇΓöÇΓöÇΓöÇΓöÇΓöÇΓöÇΓöÇΓöÇΓöÇΓöÇΓöÇΓöÇΓöÇΓöÇΓöÇΓöÇΓöÇΓöÇΓöÇΓöÇΓöÇΓöÇΓöÇΓöÇΓöÇΓöÇΓöÇΓöÇΓöÇΓöÇΓöÇΓöÇΓöÇΓöÇΓöÇΓöÇΓöÇΓöÇΓöÇΓöÇΓöÇΓöÇΓöÇΓöÇΓöÇΓöÇΓöÇΓöÇΓöÇΓöÇΓöÇΓöÇΓöÇΓöÇΓöÇΓöÇΓöÇΓöÇΓöÇΓöÇΓöÇΓöÇΓöÇΓöÇΓöÇΓöÇΓöÇΓöÇΓöÇΓöÇΓöÇΓöÇΓöÇΓöÇΓöÇΓöÇΓöÇΓöÇΓöÇΓöÇΓöÇ

    Error Context: test-results\quotes-Contact-Form-Submission-and-Admin-Verification-chromium\error-context.md


[1A[2KBROWSER: [Fast Refresh] rebuilding

[1A[2KBROWSER: [Fast Refresh] done in 127ms

[1A[2KBROWSER: [Fast Refresh] rebuilding

[1A[2KBROWSER: [Fast Refresh] done in 127ms

[1A[2KBROWSER: [Fast Refresh] rebuilding

[1A[2KBROWSER: [Fast Refresh] done in 119ms

[1A[2KBROWSER: [Fast Refresh] rebuilding

[1A[2KBROWSER: [Fast Refresh] done in 125ms

[1A[2KBROWSER: [Fast Refresh] rebuilding

[1A[2KBROWSER: [Fast Refresh] done in 128ms

[1A[2KBROWSER: [Fast Refresh] rebuilding

[1A[2KBROWSER: [Fast Refresh] done in 130ms

[1A[2KBROWSER: [Fast Refresh] rebuilding

[1A[2KBROWSER: [Fast Refresh] done in 138ms

[1A[2KBROWSER: [Fast Refresh] rebuilding

[1A[2KBROWSER: [Fast Refresh] done in 119ms

[1A[2KBROWSER: [Fast Refresh] rebuilding

[1A[2KBROWSER: [Fast Refresh] done in 131ms

[1A[2KBROWSER: [Fast Refresh] rebuilding

[1A[2KBROWSER: [Fast Refresh] done in 133ms

[1A[2KBROWSER: [Fast Refresh] rebuilding

[1A[2KBROWSER: [Fast Refresh] done in 139ms

[1A[2KBROWSER: [Fast Refresh] rebuilding

[1A[2KBROWSER: [Fast Refresh] done in 130ms

[1A[2KBROWSER: [Fast Refresh] rebuilding

[1A[2KBROWSER: [Fast Refresh] done in 160ms

[1A[2KBROWSER: [Fast Refresh] rebuilding

[1A[2KBROWSER: [Fast Refresh] done in 133ms

[1A[2KBROWSER: [Fast Refresh] rebuilding

[1A[2KBROWSER: [Fast Refresh] done in 130ms

[1A[2KBROWSER: [Fast Refresh] rebuilding

[1A[2KBROWSER: [Fast Refresh] done in 124ms

[1A[2KBROWSER: [Fast Refresh] rebuilding

[1A[2KBROWSER: [Fast Refresh] done in 122ms

[1A[2KBROWSER: [Fast Refresh] rebuilding

[1A[2KBROWSER: [Fast Refresh] done in 185ms

[1A[2KBROWSER: [Fast Refresh] rebuilding

[1A[2KBROWSER: [Fast Refresh] done in 169ms

[1A[2KBROWSER: [Fast Refresh] rebuilding

[1A[2KBROWSER: [Fast Refresh] done in 155ms

[1A[2KBROWSER: [Fast Refresh] rebuilding

[1A[2KBROWSER: [Fast Refresh] done in 122ms

[1A[2K  2) [chromium] ΓÇ║ tests\commodities.spec.ts:3:5 ΓÇ║ add new commodity flow ΓöÇΓöÇΓöÇΓöÇΓöÇΓöÇΓöÇΓöÇΓöÇΓöÇΓöÇΓöÇΓöÇΓöÇΓöÇΓöÇΓöÇΓöÇΓöÇΓöÇΓöÇΓöÇΓöÇΓöÇΓöÇΓöÇΓöÇ

    Error: [2mexpect([22m[31mlocator[39m[2m).[22mtoBeVisible[2m([22m[2m)[22m failed

    Locator: getByText('Commodity added successfully')
    Expected: visible
    Timeout: 15000ms
    Error: element(s) not found

    Call log:
    [2m  - Expect "toBeVisible" with timeout 15000ms[22m
    [2m  - waiting for getByText('Commodity added successfully')[22m


      48 |     // Verify success
      49 |     const successToast = page.getByText('Commodity added successfully');
    > 50 |     await expect(successToast).toBeVisible({ timeout: 15000 });
         |                                ^
      51 |     console.log('Success message found');
      52 |
      53 |     // Verify the modal closes
        at D:\GVGGlobalGroup\gvg-portal\tests\commodities.spec.ts:50:32

    attachment #1: screenshot (image/png) ΓöÇΓöÇΓöÇΓöÇΓöÇΓöÇΓöÇΓöÇΓöÇΓöÇΓöÇΓöÇΓöÇΓöÇΓöÇΓöÇΓöÇΓöÇΓöÇΓöÇΓöÇΓöÇΓöÇΓöÇΓöÇΓöÇΓöÇΓöÇΓöÇΓöÇΓöÇΓöÇΓöÇΓöÇΓöÇΓöÇΓöÇΓöÇΓöÇΓöÇΓöÇΓöÇΓöÇΓöÇΓöÇΓöÇΓöÇΓöÇΓöÇΓöÇΓöÇΓöÇΓöÇΓöÇΓöÇΓöÇΓöÇΓöÇ
    test-results\commodities-add-new-commodity-flow-chromium\test-failed-1.png
    ΓöÇΓöÇΓöÇΓöÇΓöÇΓöÇΓöÇΓöÇΓöÇΓöÇΓöÇΓöÇΓöÇΓöÇΓöÇΓöÇΓöÇΓöÇΓöÇΓöÇΓöÇΓöÇΓöÇΓöÇΓöÇΓöÇΓöÇΓöÇΓöÇΓöÇΓöÇΓöÇΓöÇΓöÇΓöÇΓöÇΓöÇΓöÇΓöÇΓöÇΓöÇΓöÇΓöÇΓöÇΓöÇΓöÇΓöÇΓöÇΓöÇΓöÇΓöÇΓöÇΓöÇΓöÇΓöÇΓöÇΓöÇΓöÇΓöÇΓöÇΓöÇΓöÇΓöÇΓöÇΓöÇΓöÇΓöÇΓöÇΓöÇΓöÇΓöÇΓöÇΓöÇΓöÇΓöÇΓöÇΓöÇΓöÇΓöÇΓöÇΓöÇΓöÇΓöÇΓöÇΓöÇΓöÇΓöÇΓöÇΓöÇΓöÇΓöÇΓöÇΓöÇΓöÇΓöÇΓöÇ

    attachment #2: video (video/webm) ΓöÇΓöÇΓöÇΓöÇΓöÇΓöÇΓöÇΓöÇΓöÇΓöÇΓöÇΓöÇΓöÇΓöÇΓöÇΓöÇΓöÇΓöÇΓöÇΓöÇΓöÇΓöÇΓöÇΓöÇΓöÇΓöÇΓöÇΓöÇΓöÇΓöÇΓöÇΓöÇΓöÇΓöÇΓöÇΓöÇΓöÇΓöÇΓöÇΓöÇΓöÇΓöÇΓöÇΓöÇΓöÇΓöÇΓöÇΓöÇΓöÇΓöÇΓöÇΓöÇΓöÇΓöÇΓöÇΓöÇΓöÇΓöÇΓöÇΓöÇΓöÇΓöÇ
    test-results\commodities-add-new-commodity-flow-chromium\video.webm
    ΓöÇΓöÇΓöÇΓöÇΓöÇΓöÇΓöÇΓöÇΓöÇΓöÇΓöÇΓöÇΓöÇΓöÇΓöÇΓöÇΓöÇΓöÇΓöÇΓöÇΓöÇΓöÇΓöÇΓöÇΓöÇΓöÇΓöÇΓöÇΓöÇΓöÇΓöÇΓöÇΓöÇΓöÇΓöÇΓöÇΓöÇΓöÇΓöÇΓöÇΓöÇΓöÇΓöÇΓöÇΓöÇΓöÇΓöÇΓöÇΓöÇΓöÇΓöÇΓöÇΓöÇΓöÇΓöÇΓöÇΓöÇΓöÇΓöÇΓöÇΓöÇΓöÇΓöÇΓöÇΓöÇΓöÇΓöÇΓöÇΓöÇΓöÇΓöÇΓöÇΓöÇΓöÇΓöÇΓöÇΓöÇΓöÇΓöÇΓöÇΓöÇΓöÇΓöÇΓöÇΓöÇΓöÇΓöÇΓöÇΓöÇΓöÇΓöÇΓöÇΓöÇΓöÇΓöÇΓöÇ

    Error Context: test-results\commodities-add-new-commodity-flow-chromium\error-context.md


[1A[2K  3) [chromium] ΓÇ║ tests\partners.spec.ts:3:5 ΓÇ║ add new partner flow ΓöÇΓöÇΓöÇΓöÇΓöÇΓöÇΓöÇΓöÇΓöÇΓöÇΓöÇΓöÇΓöÇΓöÇΓöÇΓöÇΓöÇΓöÇΓöÇΓöÇΓöÇΓöÇΓöÇΓöÇΓöÇΓöÇΓöÇΓöÇΓöÇΓöÇΓöÇΓöÇ

    Error: [2mexpect([22m[31mlocator[39m[2m).[22mtoBeVisible[2m([22m[2m)[22m failed

    Locator: getByText('Customer added successfully')
    Expected: visible
    Timeout: 15000ms
    Error: element(s) not found

    Call log:
    [2m  - Expect "toBeVisible" with timeout 15000ms[22m
    [2m  - waiting for getByText('Customer added successfully')[22m


      62 |     // Verify success
      63 |     const successToast = page.getByText('Customer added successfully');
    > 64 |     await expect(successToast).toBeVisible({ timeout: 15000 });
         |                                ^
      65 |     console.log('Success message found');
      66 |
      67 |     // Verify the modal closes
        at D:\GVGGlobalGroup\gvg-portal\tests\partners.spec.ts:64:32

    attachment #1: screenshot (image/png) ΓöÇΓöÇΓöÇΓöÇΓöÇΓöÇΓöÇΓöÇΓöÇΓöÇΓöÇΓöÇΓöÇΓöÇΓöÇΓöÇΓöÇΓöÇΓöÇΓöÇΓöÇΓöÇΓöÇΓöÇΓöÇΓöÇΓöÇΓöÇΓöÇΓöÇΓöÇΓöÇΓöÇΓöÇΓöÇΓöÇΓöÇΓöÇΓöÇΓöÇΓöÇΓöÇΓöÇΓöÇΓöÇΓöÇΓöÇΓöÇΓöÇΓöÇΓöÇΓöÇΓöÇΓöÇΓöÇΓöÇΓöÇΓöÇ
    test-results\partners-add-new-partner-flow-chromium\test-failed-1.png
    ΓöÇΓöÇΓöÇΓöÇΓöÇΓöÇΓöÇΓöÇΓöÇΓöÇΓöÇΓöÇΓöÇΓöÇΓöÇΓöÇΓöÇΓöÇΓöÇΓöÇΓöÇΓöÇΓöÇΓöÇΓöÇΓöÇΓöÇΓöÇΓöÇΓöÇΓöÇΓöÇΓöÇΓöÇΓöÇΓöÇΓöÇΓöÇΓöÇΓöÇΓöÇΓöÇΓöÇΓöÇΓöÇΓöÇΓöÇΓöÇΓöÇΓöÇΓöÇΓöÇΓöÇΓöÇΓöÇΓöÇΓöÇΓöÇΓöÇΓöÇΓöÇΓöÇΓöÇΓöÇΓöÇΓöÇΓöÇΓöÇΓöÇΓöÇΓöÇΓöÇΓöÇΓöÇΓöÇΓöÇΓöÇΓöÇΓöÇΓöÇΓöÇΓöÇΓöÇΓöÇΓöÇΓöÇΓöÇΓöÇΓöÇΓöÇΓöÇΓöÇΓöÇΓöÇΓöÇΓöÇ

    attachment #2: video (video/webm) ΓöÇΓöÇΓöÇΓöÇΓöÇΓöÇΓöÇΓöÇΓöÇΓöÇΓöÇΓöÇΓöÇΓöÇΓöÇΓöÇΓöÇΓöÇΓöÇΓöÇΓöÇΓöÇΓöÇΓöÇΓöÇΓöÇΓöÇΓöÇΓöÇΓöÇΓöÇΓöÇΓöÇΓöÇΓöÇΓöÇΓöÇΓöÇΓöÇΓöÇΓöÇΓöÇΓöÇΓöÇΓöÇΓöÇΓöÇΓöÇΓöÇΓöÇΓöÇΓöÇΓöÇΓöÇΓöÇΓöÇΓöÇΓöÇΓöÇΓöÇΓöÇΓöÇ
    test-results\partners-add-new-partner-flow-chromium\video.webm
    ΓöÇΓöÇΓöÇΓöÇΓöÇΓöÇΓöÇΓöÇΓöÇΓöÇΓöÇΓöÇΓöÇΓöÇΓöÇΓöÇΓöÇΓöÇΓöÇΓöÇΓöÇΓöÇΓöÇΓöÇΓöÇΓöÇΓöÇΓöÇΓöÇΓöÇΓöÇΓöÇΓöÇΓöÇΓöÇΓöÇΓöÇΓöÇΓöÇΓöÇΓöÇΓöÇΓöÇΓöÇΓöÇΓöÇΓöÇΓöÇΓöÇΓöÇΓöÇΓöÇΓöÇΓöÇΓöÇΓöÇΓöÇΓöÇΓöÇΓöÇΓöÇΓöÇΓöÇΓöÇΓöÇΓöÇΓöÇΓöÇΓöÇΓöÇΓöÇΓöÇΓöÇΓöÇΓöÇΓöÇΓöÇΓöÇΓöÇΓöÇΓöÇΓöÇΓöÇΓöÇΓöÇΓöÇΓöÇΓöÇΓöÇΓöÇΓöÇΓöÇΓöÇΓöÇΓöÇΓöÇ

    Error Context: test-results\partners-add-new-partner-flow-chromium\error-context.md


[1A[2KBROWSER: [Fast Refresh] rebuilding

[1A[2KBROWSER: [Fast Refresh] done in 123ms

[1A[2KBROWSER: [Fast Refresh] rebuilding

[1A[2KBROWSER: [Fast Refresh] done in 129ms

[1A[2KBROWSER: [Fast Refresh] rebuilding

[1A[2KBROWSER: [Fast Refresh] done in 123ms

[1A[2KBROWSER: [Fast Refresh] rebuilding

[1A[2KBROWSER: [Fast Refresh] done in 117ms

[1A[2K  4) [chromium] ΓÇ║ tests\quotes.spec.ts:4:5 ΓÇ║ Quote Submission and Admin Verification ΓöÇΓöÇΓöÇΓöÇΓöÇΓöÇΓöÇΓöÇΓöÇΓöÇΓöÇΓöÇΓöÇΓöÇΓöÇ

    Error: [2mexpect([22m[31mlocator[39m[2m).[22mtoBeVisible[2m([22m[2m)[22m failed

    Locator: locator('text=Request Received!')
    Expected: visible
    Timeout: 20000ms
    Error: element(s) not found

    Call log:
    [2m  - Expect "toBeVisible" with timeout 20000ms[22m
    [2m  - waiting for locator('text=Request Received!')[22m


      38 |     // Check for potential error message first to debug
      39 |     try {
    > 40 |         await expect(page.locator('text=Request Received!')).toBeVisible({ timeout: 20000 })
         |                                                              ^
      41 |     } catch (e) {
      42 |         const errorMsg = page.locator('.text-red-500').first()
      43 |         if (await errorMsg.isVisible()) {
        at D:\GVGGlobalGroup\gvg-portal\tests\quotes.spec.ts:40:62

    attachment #1: screenshot (image/png) ΓöÇΓöÇΓöÇΓöÇΓöÇΓöÇΓöÇΓöÇΓöÇΓöÇΓöÇΓöÇΓöÇΓöÇΓöÇΓöÇΓöÇΓöÇΓöÇΓöÇΓöÇΓöÇΓöÇΓöÇΓöÇΓöÇΓöÇΓöÇΓöÇΓöÇΓöÇΓöÇΓöÇΓöÇΓöÇΓöÇΓöÇΓöÇΓöÇΓöÇΓöÇΓöÇΓöÇΓöÇΓöÇΓöÇΓöÇΓöÇΓöÇΓöÇΓöÇΓöÇΓöÇΓöÇΓöÇΓöÇΓöÇΓöÇ
    test-results\quotes-Quote-Submission-and-Admin-Verification-chromium\test-failed-1.png
    ΓöÇΓöÇΓöÇΓöÇΓöÇΓöÇΓöÇΓöÇΓöÇΓöÇΓöÇΓöÇΓöÇΓöÇΓöÇΓöÇΓöÇΓöÇΓöÇΓöÇΓöÇΓöÇΓöÇΓöÇΓöÇΓöÇΓöÇΓöÇΓöÇΓöÇΓöÇΓöÇΓöÇΓöÇΓöÇΓöÇΓöÇΓöÇΓöÇΓöÇΓöÇΓöÇΓöÇΓöÇΓöÇΓöÇΓöÇΓöÇΓöÇΓöÇΓöÇΓöÇΓöÇΓöÇΓöÇΓöÇΓöÇΓöÇΓöÇΓöÇΓöÇΓöÇΓöÇΓöÇΓöÇΓöÇΓöÇΓöÇΓöÇΓöÇΓöÇΓöÇΓöÇΓöÇΓöÇΓöÇΓöÇΓöÇΓöÇΓöÇΓöÇΓöÇΓöÇΓöÇΓöÇΓöÇΓöÇΓöÇΓöÇΓöÇΓöÇΓöÇΓöÇΓöÇΓöÇΓöÇ

    attachment #2: video (video/webm) ΓöÇΓöÇΓöÇΓöÇΓöÇΓöÇΓöÇΓöÇΓöÇΓöÇΓöÇΓöÇΓöÇΓöÇΓöÇΓöÇΓöÇΓöÇΓöÇΓöÇΓöÇΓöÇΓöÇΓöÇΓöÇΓöÇΓöÇΓöÇΓöÇΓöÇΓöÇΓöÇΓöÇΓöÇΓöÇΓöÇΓöÇΓöÇΓöÇΓöÇΓöÇΓöÇΓöÇΓöÇΓöÇΓöÇΓöÇΓöÇΓöÇΓöÇΓöÇΓöÇΓöÇΓöÇΓöÇΓöÇΓöÇΓöÇΓöÇΓöÇΓöÇΓöÇ
    test-results\quotes-Quote-Submission-and-Admin-Verification-chromium\video.webm
    ΓöÇΓöÇΓöÇΓöÇΓöÇΓöÇΓöÇΓöÇΓöÇΓöÇΓöÇΓöÇΓöÇΓöÇΓöÇΓöÇΓöÇΓöÇΓöÇΓöÇΓöÇΓöÇΓöÇΓöÇΓöÇΓöÇΓöÇΓöÇΓöÇΓöÇΓöÇΓöÇΓöÇΓöÇΓöÇΓöÇΓöÇΓöÇΓöÇΓöÇΓöÇΓöÇΓöÇΓöÇΓöÇΓöÇΓöÇΓöÇΓöÇΓöÇΓöÇΓöÇΓöÇΓöÇΓöÇΓöÇΓöÇΓöÇΓöÇΓöÇΓöÇΓöÇΓöÇΓöÇΓöÇΓöÇΓöÇΓöÇΓöÇΓöÇΓöÇΓöÇΓöÇΓöÇΓöÇΓöÇΓöÇΓöÇΓöÇΓöÇΓöÇΓöÇΓöÇΓöÇΓöÇΓöÇΓöÇΓöÇΓöÇΓöÇΓöÇΓöÇΓöÇΓöÇΓöÇΓöÇ

    Error Context: test-results\quotes-Quote-Submission-and-Admin-Verification-chromium\error-context.md


[1A[2K  4 failed
    [chromium] ΓÇ║ tests\commodities.spec.ts:3:5 ΓÇ║ add new commodity flow ΓöÇΓöÇΓöÇΓöÇΓöÇΓöÇΓöÇΓöÇΓöÇΓöÇΓöÇΓöÇΓöÇΓöÇΓöÇΓöÇΓöÇΓöÇΓöÇΓöÇΓöÇΓöÇΓöÇΓöÇΓöÇΓöÇΓöÇΓöÇ
    [chromium] ΓÇ║ tests\partners.spec.ts:3:5 ΓÇ║ add new partner flow ΓöÇΓöÇΓöÇΓöÇΓöÇΓöÇΓöÇΓöÇΓöÇΓöÇΓöÇΓöÇΓöÇΓöÇΓöÇΓöÇΓöÇΓöÇΓöÇΓöÇΓöÇΓöÇΓöÇΓöÇΓöÇΓöÇΓöÇΓöÇΓöÇΓöÇΓöÇΓöÇΓöÇ
    [chromium] ΓÇ║ tests\quotes.spec.ts:4:5 ΓÇ║ Quote Submission and Admin Verification ΓöÇΓöÇΓöÇΓöÇΓöÇΓöÇΓöÇΓöÇΓöÇΓöÇΓöÇΓöÇΓöÇΓöÇΓöÇΓöÇ
    [chromium] ΓÇ║ tests\quotes.spec.ts:74:5 ΓÇ║ Contact Form Submission and Admin Verification ΓöÇΓöÇΓöÇΓöÇΓöÇΓöÇΓöÇΓöÇ
  1 passed (32.0s)
